[1;31m
 ██████╗ ██████╗ ██╗     ██╗██╗   ██╗██╗ ██████╗ ███╗   ██╗
██╔═══██╗██╔══██╗██║     ██║██║   ██║██║██╔═══██╗████╗  ██║
██║   ██║██████╔╝██║     ██║██║   ██║██║██║   ██║██╔██╗ ██║
██║   ██║██╔══██╗██║     ██║╚██╗ ██╔╝██║██║   ██║██║╚██╗██║
╚██████╔╝██████╔╝███████╗██║ ╚████╔╝ ██║╚██████╔╝██║ ╚████║
 ╚═════╝ ╚═════╝ ╚══════╝╚═╝  ╚═══╝  ╚═╝ ╚═════╝ ╚═╝  ╚═══╝
                                                           
        >> OFFENSIVE FRAMEWORK: PROJECT OBLIVION <<
         [*] STATUS: READY FOR ENGAGEMENT [*]
                 ****Sherbl.ab****
============================================================[0m
==================================================
[*] Initialization Complete
[*] Target locked: alnasr.co.il -> Resolved to IP: 162.144.29.2
==================================================

==================================================
[*] Starting Advanced Red Team Scan for 162.144.29.2
==================================================

[*] Phase 1: Passive Reconnaissance (Shodan)
[+] Passive recon found 22 ports.

[*] Phase 2: Smart Active Scanning
[*] Running targeted Smart Nmap on specific ports: nmap -sV -Pn -p 21,22,26,53,53,80,110,143,443,465,587,993,995,2082,2083,2086,2087,2095,2096,2222,3306,5432 162.144.29.2
